// Jest Snapshot v1, https://goo.gl/fbAQLP

exports[`Login snapShot 1`] = `null`;
